c:\users\user\desktop\voodooengine\x64\release\engine.pdb
c:\users\user\desktop\voodooengine\engine\x64\release\scene.obj
c:\users\user\desktop\voodooengine\engine\x64\release\objectpositionparser.obj
c:\users\user\desktop\voodooengine\engine\x64\release\object.obj
c:\users\user\desktop\voodooengine\engine\x64\release\render.obj
c:\users\user\desktop\voodooengine\engine\x64\release\gamemanager.obj
c:\users\user\desktop\voodooengine\engine\x64\release\windowmanager.obj
c:\users\user\desktop\voodooengine\engine\x64\release\camera.obj
c:\users\user\desktop\voodooengine\x64\release\pixelshaderall.cso
c:\users\user\desktop\voodooengine\x64\release\pixelshadernull.cso
c:\users\user\desktop\voodooengine\x64\release\pixelshader.cso
c:\users\user\desktop\voodooengine\x64\release\vertexshader.cso
c:\users\user\desktop\voodooengine\x64\release\engine.lib
c:\users\user\desktop\voodooengine\engine\x64\release\engine.tlog\cl.command.1.tlog
c:\users\user\desktop\voodooengine\engine\x64\release\engine.tlog\cl.items.tlog
c:\users\user\desktop\voodooengine\engine\x64\release\engine.tlog\cl.read.1.tlog
c:\users\user\desktop\voodooengine\engine\x64\release\engine.tlog\cl.write.1.tlog
c:\users\user\desktop\voodooengine\engine\x64\release\engine.tlog\fxc.command.1.tlog
c:\users\user\desktop\voodooengine\engine\x64\release\engine.tlog\fxc.read.1.tlog
c:\users\user\desktop\voodooengine\engine\x64\release\engine.tlog\fxc.write.1.tlog
c:\users\user\desktop\voodooengine\engine\x64\release\engine.tlog\lib-link.read.1.tlog
c:\users\user\desktop\voodooengine\engine\x64\release\engine.tlog\lib-link.write.1.tlog
c:\users\user\desktop\voodooengine\engine\x64\release\engine.tlog\lib.command.1.tlog
