c:\users\user\desktop\voodooengine\x64\debug\engine.pdb
c:\users\user\desktop\voodooengine\x64\debug\engine.idb
c:\users\user\desktop\voodooengine\engine\x64\debug\windowmanager.obj
c:\users\user\desktop\voodooengine\engine\x64\debug\scene.obj
c:\users\user\desktop\voodooengine\engine\x64\debug\render.obj
c:\users\user\desktop\voodooengine\engine\x64\debug\objectpositionparser.obj
c:\users\user\desktop\voodooengine\engine\x64\debug\object.obj
c:\users\user\desktop\voodooengine\engine\x64\debug\gamemanager.obj
c:\users\user\desktop\voodooengine\engine\x64\debug\camera.obj
c:\users\user\desktop\voodooengine\x64\debug\pixelshader.cso
c:\users\user\desktop\voodooengine\x64\debug\vertexshader.cso
c:\users\user\desktop\voodooengine\x64\debug\allpixelshader.cso
c:\users\user\desktop\voodooengine\x64\debug\nullpixelshader.cso
c:\users\user\desktop\voodooengine\x64\debug\engine.lib
c:\users\user\desktop\voodooengine\engine\x64\debug\engine.tlog\cl.command.1.tlog
c:\users\user\desktop\voodooengine\engine\x64\debug\engine.tlog\cl.items.tlog
c:\users\user\desktop\voodooengine\engine\x64\debug\engine.tlog\cl.read.1.tlog
c:\users\user\desktop\voodooengine\engine\x64\debug\engine.tlog\cl.write.1.tlog
c:\users\user\desktop\voodooengine\engine\x64\debug\engine.tlog\fxc.command.1.tlog
c:\users\user\desktop\voodooengine\engine\x64\debug\engine.tlog\fxc.read.1.tlog
c:\users\user\desktop\voodooengine\engine\x64\debug\engine.tlog\fxc.write.1.tlog
c:\users\user\desktop\voodooengine\engine\x64\debug\engine.tlog\lib-link.read.1.tlog
c:\users\user\desktop\voodooengine\engine\x64\debug\engine.tlog\lib-link.write.1.tlog
c:\users\user\desktop\voodooengine\engine\x64\debug\engine.tlog\lib.command.1.tlog
