c:\users\user\desktop\voodooengine\renderer\x64\release\vc143.pdb
c:\users\user\desktop\voodooengine\renderer\x64\release\testmain.obj
c:\users\user\desktop\voodooengine\renderer\x64\release\render.obj
c:\users\user\desktop\voodooengine\renderer\x64\release\device.obj
c:\users\user\desktop\voodooengine\renderer\x64\release\shader.obj
c:\users\user\desktop\voodooengine\renderer\x64\release\camera.obj
c:\users\user\desktop\voodooengine\x64\release\pixelshader.cso
c:\users\user\desktop\voodooengine\x64\release\vertexshader.cso
c:\users\user\desktop\voodooengine\x64\release\renderer.exe
c:\users\user\desktop\voodooengine\x64\release\renderer.pdb
c:\users\user\desktop\voodooengine\renderer\x64\release\renderer.ipdb
c:\users\user\desktop\voodooengine\renderer\x64\release\renderer.iobj
c:\users\user\desktop\voodooengine\renderer\x64\release\renderer.tlog\cl.command.1.tlog
c:\users\user\desktop\voodooengine\renderer\x64\release\renderer.tlog\cl.items.tlog
c:\users\user\desktop\voodooengine\renderer\x64\release\renderer.tlog\cl.read.1.tlog
c:\users\user\desktop\voodooengine\renderer\x64\release\renderer.tlog\cl.write.1.tlog
c:\users\user\desktop\voodooengine\renderer\x64\release\renderer.tlog\fxc.command.1.tlog
c:\users\user\desktop\voodooengine\renderer\x64\release\renderer.tlog\fxc.read.1.tlog
c:\users\user\desktop\voodooengine\renderer\x64\release\renderer.tlog\fxc.write.1.tlog
c:\users\user\desktop\voodooengine\renderer\x64\release\renderer.tlog\link.command.1.tlog
c:\users\user\desktop\voodooengine\renderer\x64\release\renderer.tlog\link.read.1.tlog
c:\users\user\desktop\voodooengine\renderer\x64\release\renderer.tlog\link.secondary.1.tlog
c:\users\user\desktop\voodooengine\renderer\x64\release\renderer.tlog\link.write.1.tlog
