c:\users\user\desktop\voodooengine\renderer\x64\debug\vc143.pdb
c:\users\user\desktop\voodooengine\renderer\x64\debug\vc143.idb
c:\users\user\desktop\voodooengine\renderer\x64\debug\testmain.obj
c:\users\user\desktop\voodooengine\renderer\x64\debug\shader.obj
c:\users\user\desktop\voodooengine\renderer\x64\debug\render.obj
c:\users\user\desktop\voodooengine\renderer\x64\debug\device.obj
c:\users\user\desktop\voodooengine\renderer\x64\debug\camera.obj
c:\users\user\desktop\voodooengine\x64\debug\pixelshader.cso
c:\users\user\desktop\voodooengine\x64\debug\vertexshader.cso
c:\users\user\desktop\voodooengine\x64\debug\renderer.exe
c:\users\user\desktop\voodooengine\x64\debug\renderer.pdb
c:\users\user\desktop\voodooengine\renderer\x64\debug\renderer.ilk
c:\users\user\desktop\voodooengine\renderer\x64\debug\renderer.tlog\cl.command.1.tlog
c:\users\user\desktop\voodooengine\renderer\x64\debug\renderer.tlog\cl.items.tlog
c:\users\user\desktop\voodooengine\renderer\x64\debug\renderer.tlog\cl.read.1.tlog
c:\users\user\desktop\voodooengine\renderer\x64\debug\renderer.tlog\cl.write.1.tlog
c:\users\user\desktop\voodooengine\renderer\x64\debug\renderer.tlog\fxc.command.1.tlog
c:\users\user\desktop\voodooengine\renderer\x64\debug\renderer.tlog\fxc.read.1.tlog
c:\users\user\desktop\voodooengine\renderer\x64\debug\renderer.tlog\fxc.write.1.tlog
c:\users\user\desktop\voodooengine\renderer\x64\debug\renderer.tlog\link.command.1.tlog
c:\users\user\desktop\voodooengine\renderer\x64\debug\renderer.tlog\link.read.1.tlog
c:\users\user\desktop\voodooengine\renderer\x64\debug\renderer.tlog\link.secondary.1.tlog
c:\users\user\desktop\voodooengine\renderer\x64\debug\renderer.tlog\link.write.1.tlog
